2025-08-13 02:52:04 - INFO - Data synced with server.
2025-08-13 02:54:34 - INFO - Data synced with server.
2025-08-13 02:57:04 - ERROR - Payment processing error.
2025-08-13 02:59:34 - INFO - User login successful.
2025-08-13 03:02:04 - ERROR - Unable to send email.
2025-08-13 03:04:34 - INFO - File uploaded successfully.
2025-08-13 03:07:04 - DEBUG - Variable x value: 42
2025-08-13 03:09:34 - INFO - Scheduled job completed.
2025-08-13 03:12:04 - INFO - Data synced with server.
2025-08-13 03:14:34 - WARNING - User attempted to access restricted page.
2025-08-13 03:17:04 - DEBUG - Entered function processData()
2025-08-13 03:19:34 - INFO - File uploaded successfully.
2025-08-13 03:22:04 - DEBUG - Variable x value: 42
2025-08-13 03:24:34 - INFO - Data synced with server.
2025-08-13 03:27:04 - ERROR - Unable to send email.
2025-08-13 03:29:34 - DEBUG - Loop iteration 10
2025-08-13 03:32:04 - WARNING - High memory usage detected.
2025-08-13 03:34:34 - DEBUG - Loop iteration 10
2025-08-13 03:37:04 - WARNING - Disk space running low.
2025-08-13 03:39:34 - DEBUG - Entered function processData()
2025-08-13 03:42:04 - WARNING - API response time is slow.
2025-08-13 03:44:34 - ERROR - Payment processing error.
2025-08-13 03:47:04 - INFO - Scheduled job completed.
2025-08-13 03:49:34 - WARNING - High memory usage detected.
2025-08-13 03:52:04 - DEBUG - Cache miss for key user_123
2025-08-13 03:54:34 - ERROR - File not found exception.
2025-08-13 03:57:04 - DEBUG - Loop iteration 10
2025-08-13 03:59:34 - DEBUG - Loop iteration 10
2025-08-13 04:02:04 - INFO - Scheduled job completed.
2025-08-13 04:04:34 - INFO - File uploaded successfully.
2025-08-13 04:07:04 - DEBUG - Cache miss for key user_123
2025-08-13 04:09:34 - ERROR - Unable to send email.
2025-08-13 04:12:04 - ERROR - Payment processing error.
2025-08-13 04:14:34 - INFO - Data synced with server.
2025-08-13 04:17:04 - ERROR - Payment processing error.
2025-08-13 04:19:34 - ERROR - Database connection failed.
2025-08-13 04:22:04 - DEBUG - Loop iteration 10
2025-08-13 04:24:34 - WARNING - API response time is slow.
2025-08-13 04:27:04 - DEBUG - Cache miss for key user_123
2025-08-13 04:29:34 - INFO - Data synced with server.
2025-08-13 04:32:04 - WARNING - Disk space running low.
2025-08-13 04:34:34 - DEBUG - Entered function processData()
2025-08-13 04:37:04 - INFO - Scheduled job completed.
2025-08-13 04:39:34 - ERROR - Database connection failed.
2025-08-13 04:42:04 - INFO - Scheduled job completed.
2025-08-13 04:44:34 - WARNING - High memory usage detected.
2025-08-13 04:47:04 - ERROR - Database connection failed.
2025-08-13 04:49:34 - INFO - File uploaded successfully.
2025-08-13 04:52:04 - DEBUG - Entered function processData()
2025-08-13 04:54:34 - DEBUG - Entered function processData()
